<?php return array (
  0 => 'Symfony\\Bundle\\FrameworkBundle\\Controller\\AbstractController',
  1 => 'App\\Controller\\AdminSecuController',
  2 => 'App\\Controller\\Admin\\CategoriesCrudController',
  3 => 'App\\Controller\\Admin\\CommentsCrudController',
  4 => 'App\\Controller\\Admin\\DashboardController',
  5 => 'App\\Controller\\Admin\\PartnersCrudController',
  6 => 'App\\Controller\\Admin\\RecipesCrudController',
  7 => 'App\\Controller\\Admin\\UsersCrudController',
  8 => 'App\\Controller\\CommentsController',
  9 => 'App\\Controller\\FooterController',
  10 => 'App\\Controller\\RecipesController',
  11 => 'App\\Controller\\User\\UserCommentsController',
  12 => 'App\\Controller\\User\\UserRecipesController',
  13 => 'App\\Controller\\User\\UsersController',
  14 => 'App\\Entity\\Categories',
  15 => 'App\\Entity\\Comments',
  16 => 'App\\Entity\\Partners',
  17 => 'App\\Entity\\Recipes',
  18 => 'App\\Entity\\Users',
  19 => 'Doctrine\\Bundle\\DoctrineBundle\\Controller\\ProfilerController',
  20 => 'Doctrine\\ORM\\Cache\\Persister\\Entity\\AbstractEntityPersister',
  21 => 'Doctrine\\ORM\\Cache\\Persister\\Entity\\CachedEntityPersister',
  22 => 'Doctrine\\ORM\\Cache\\Persister\\Entity\\NonStrictReadWriteCachedEntityPersister',
  23 => 'Doctrine\\ORM\\Cache\\Persister\\Entity\\ReadOnlyCachedEntityPersister',
  24 => 'Doctrine\\ORM\\Cache\\Persister\\Entity\\ReadWriteCachedEntityPersister',
  25 => 'Doctrine\\ORM\\Persisters\\Entity\\AbstractEntityInheritancePersister',
  26 => 'Doctrine\\ORM\\Persisters\\Entity\\BasicEntityPersister',
  27 => 'Doctrine\\ORM\\Persisters\\Entity\\CachedPersisterContext',
  28 => 'Doctrine\\ORM\\Persisters\\Entity\\EntityPersister',
  29 => 'Doctrine\\ORM\\Persisters\\Entity\\JoinedSubclassPersister',
  30 => 'Doctrine\\ORM\\Persisters\\Entity\\SingleTablePersister',
  31 => 'EasyCorp\\Bundle\\EasyAdminBundle\\Contracts\\Controller\\CrudControllerInterface',
  32 => 'EasyCorp\\Bundle\\EasyAdminBundle\\Contracts\\Controller\\DashboardControllerInterface',
  33 => 'EasyCorp\\Bundle\\EasyAdminBundle\\Controller\\AbstractCrudController',
  34 => 'EasyCorp\\Bundle\\EasyAdminBundle\\Controller\\AbstractDashboardController',
  35 => 'EasyCorp\\Bundle\\EasyAdminBundle\\Controller\\EasyAdminController',
  37 => 'Symfony\\Bundle\\FrameworkBundle\\Controller\\ControllerResolver',
  38 => 'Symfony\\Bundle\\FrameworkBundle\\Controller\\RedirectController',
  39 => 'Symfony\\Bundle\\FrameworkBundle\\Controller\\TemplateController',
  40 => 'Symfony\\Bundle\\WebProfilerBundle\\Controller\\ExceptionPanelController',
  41 => 'Symfony\\Bundle\\WebProfilerBundle\\Controller\\ProfilerController',
  42 => 'Symfony\\Bundle\\WebProfilerBundle\\Controller\\RouterController',
  43 => 'Symfony\\Component\\HttpKernel\\Controller\\ArgumentResolver',
  44 => 'Symfony\\Component\\HttpKernel\\Controller\\ArgumentResolverInterface',
  45 => 'Symfony\\Component\\HttpKernel\\Controller\\ArgumentResolver\\DefaultValueResolver',
  46 => 'Symfony\\Component\\HttpKernel\\Controller\\ArgumentResolver\\NotTaggedControllerValueResolver',
  47 => 'Symfony\\Component\\HttpKernel\\Controller\\ArgumentResolver\\RequestAttributeValueResolver',
  48 => 'Symfony\\Component\\HttpKernel\\Controller\\ArgumentResolver\\RequestValueResolver',
  49 => 'Symfony\\Component\\HttpKernel\\Controller\\ArgumentResolver\\ServiceValueResolver',
  50 => 'Symfony\\Component\\HttpKernel\\Controller\\ArgumentResolver\\SessionValueResolver',
  51 => 'Symfony\\Component\\HttpKernel\\Controller\\ArgumentResolver\\TraceableValueResolver',
  52 => 'Symfony\\Component\\HttpKernel\\Controller\\ArgumentResolver\\VariadicValueResolver',
  53 => 'Symfony\\Component\\HttpKernel\\Controller\\ArgumentValueResolverInterface',
  54 => 'Symfony\\Component\\HttpKernel\\Controller\\ContainerControllerResolver',
  55 => 'Symfony\\Component\\HttpKernel\\Controller\\ControllerReference',
  56 => 'Symfony\\Component\\HttpKernel\\Controller\\ControllerResolver',
  57 => 'Symfony\\Component\\HttpKernel\\Controller\\ControllerResolverInterface',
  58 => 'Symfony\\Component\\HttpKernel\\Controller\\ErrorController',
  59 => 'Symfony\\Component\\HttpKernel\\Controller\\TraceableArgumentResolver',
  60 => 'Symfony\\Component\\HttpKernel\\Controller\\TraceableControllerResolver',
  61 => 'Symfony\\Component\\Security\\Http\\Controller\\UserValueResolver',
  62 => 'Vich\\UploaderBundle\\Entity\\File',
);