<?php return array (
  0 => 'Symfony\\Bundle\\FrameworkBundle\\Controller\\AbstractController',
  1 => 'App\\Controller\\AdminSecuController',
  2 => 'App\\Controller\\Admin\\CategoriesCrudController',
  3 => 'App\\Controller\\Admin\\CommentsCrudController',
  4 => 'App\\Controller\\Admin\\DashboardController',
  5 => 'App\\Controller\\Admin\\RecipesCrudController',
  6 => 'App\\Controller\\Admin\\UsersCrudController',
  7 => 'App\\Controller\\CommentsController',
  8 => 'App\\Controller\\FooterController',
  9 => 'App\\Controller\\RecipesController',
  10 => 'App\\Controller\\User\\UserCommentsController',
  11 => 'App\\Controller\\User\\UserRecipesController',
  12 => 'App\\Controller\\User\\UsersController',
  13 => 'App\\Entity\\Categories',
  14 => 'App\\Entity\\Comments',
  15 => 'App\\Entity\\Recipes',
  16 => 'App\\Entity\\Users',
  17 => 'Doctrine\\Bundle\\DoctrineBundle\\Controller\\ProfilerController',
  18 => 'Doctrine\\ORM\\Cache\\Persister\\Entity\\AbstractEntityPersister',
  19 => 'Doctrine\\ORM\\Cache\\Persister\\Entity\\CachedEntityPersister',
  20 => 'Doctrine\\ORM\\Cache\\Persister\\Entity\\NonStrictReadWriteCachedEntityPersister',
  21 => 'Doctrine\\ORM\\Cache\\Persister\\Entity\\ReadOnlyCachedEntityPersister',
  22 => 'Doctrine\\ORM\\Cache\\Persister\\Entity\\ReadWriteCachedEntityPersister',
  23 => 'Doctrine\\ORM\\Persisters\\Entity\\AbstractEntityInheritancePersister',
  24 => 'Doctrine\\ORM\\Persisters\\Entity\\BasicEntityPersister',
  25 => 'Doctrine\\ORM\\Persisters\\Entity\\CachedPersisterContext',
  26 => 'Doctrine\\ORM\\Persisters\\Entity\\EntityPersister',
  27 => 'Doctrine\\ORM\\Persisters\\Entity\\JoinedSubclassPersister',
  28 => 'Doctrine\\ORM\\Persisters\\Entity\\SingleTablePersister',
  29 => 'EasyCorp\\Bundle\\EasyAdminBundle\\Contracts\\Controller\\CrudControllerInterface',
  30 => 'EasyCorp\\Bundle\\EasyAdminBundle\\Contracts\\Controller\\DashboardControllerInterface',
  31 => 'EasyCorp\\Bundle\\EasyAdminBundle\\Controller\\AbstractCrudController',
  32 => 'EasyCorp\\Bundle\\EasyAdminBundle\\Controller\\AbstractDashboardController',
  33 => 'EasyCorp\\Bundle\\EasyAdminBundle\\Controller\\EasyAdminController',
  35 => 'Symfony\\Bundle\\FrameworkBundle\\Controller\\ControllerResolver',
  36 => 'Symfony\\Bundle\\FrameworkBundle\\Controller\\RedirectController',
  37 => 'Symfony\\Bundle\\FrameworkBundle\\Controller\\TemplateController',
  38 => 'Symfony\\Bundle\\WebProfilerBundle\\Controller\\ExceptionPanelController',
  39 => 'Symfony\\Bundle\\WebProfilerBundle\\Controller\\ProfilerController',
  40 => 'Symfony\\Bundle\\WebProfilerBundle\\Controller\\RouterController',
  41 => 'Symfony\\Component\\HttpKernel\\Controller\\ArgumentResolver',
  42 => 'Symfony\\Component\\HttpKernel\\Controller\\ArgumentResolverInterface',
  43 => 'Symfony\\Component\\HttpKernel\\Controller\\ArgumentResolver\\DefaultValueResolver',
  44 => 'Symfony\\Component\\HttpKernel\\Controller\\ArgumentResolver\\NotTaggedControllerValueResolver',
  45 => 'Symfony\\Component\\HttpKernel\\Controller\\ArgumentResolver\\RequestAttributeValueResolver',
  46 => 'Symfony\\Component\\HttpKernel\\Controller\\ArgumentResolver\\RequestValueResolver',
  47 => 'Symfony\\Component\\HttpKernel\\Controller\\ArgumentResolver\\ServiceValueResolver',
  48 => 'Symfony\\Component\\HttpKernel\\Controller\\ArgumentResolver\\SessionValueResolver',
  49 => 'Symfony\\Component\\HttpKernel\\Controller\\ArgumentResolver\\TraceableValueResolver',
  50 => 'Symfony\\Component\\HttpKernel\\Controller\\ArgumentResolver\\VariadicValueResolver',
  51 => 'Symfony\\Component\\HttpKernel\\Controller\\ArgumentValueResolverInterface',
  52 => 'Symfony\\Component\\HttpKernel\\Controller\\ContainerControllerResolver',
  53 => 'Symfony\\Component\\HttpKernel\\Controller\\ControllerReference',
  54 => 'Symfony\\Component\\HttpKernel\\Controller\\ControllerResolver',
  55 => 'Symfony\\Component\\HttpKernel\\Controller\\ControllerResolverInterface',
  56 => 'Symfony\\Component\\HttpKernel\\Controller\\ErrorController',
  57 => 'Symfony\\Component\\HttpKernel\\Controller\\TraceableArgumentResolver',
  58 => 'Symfony\\Component\\HttpKernel\\Controller\\TraceableControllerResolver',
  59 => 'Symfony\\Component\\Security\\Http\\Controller\\UserValueResolver',
  60 => 'Vich\\UploaderBundle\\Entity\\File',
);